v4.local.32VIErrEkmY4JVILovbmfPXKW9wT1OdQepjMTC_MOtjA4kiqw7_tcaOM5GNEcnTxl60WiA8rd3wgFSNb_UdJPXjpzm0KW9ojM5f4O2mRvE2IcweP-PRdoHjd5-RHCiExR1IK6t6pWSA5HX2wjb3P-xLQg5K5feUCX4P2fpVK3ZLWFbMSxQ.eyJraWQiOiJ6VmhNaVBCUDlmUmYyc25FY1Q3Z0ZUaW9lQTlDT2NOeTlEZmdMMVc2MGhhTiJ9