v3.public.eyJkYXRhIjoidGhpcyBpcyBhIHNpZ25lZCBtZXNzYWdlIiwiZXhwIjoiMjAyMi0wMS0wMVQwMDowMDowMCswMDowMCJ9vrarT0tBPumLsUh5iJGDDH7sIkPk1fW8Ej6R2j-8jB7rkkCJyEKxcMNPJ5jLurPvZSzRdLb-Ia_Y2YXavY77xbLzJQJkA_zjJeYrd8mWQ24oOpkts1Css3Xa74cz_j3A